Archive member included because of file (symbol)

c:/nxp/lpcxpresso_3.3/tools/bin/../lib/gcc/arm-none-eabi/4.3.3/../../../../arm-none-eabi/lib/armv6-m\libcr_c.a(__weak__main.o)
                              ./src/cr_startup_lpc11.o (__main)
c:/nxp/lpcxpresso_3.3/tools/bin/../lib/gcc/arm-none-eabi/4.3.3/../../../../arm-none-eabi/lib/armv6-m\libcr_c.a(ctype.o)
                              c:/nxp/lpcxpresso_3.3/tools/bin/../lib/gcc/arm-none-eabi/4.3.3/../../../../arm-none-eabi/lib/armv6-m\libcr_c.a(__weak__main.o) (_ctype_init)
c:/nxp/lpcxpresso_3.3/tools/bin/../lib/gcc/arm-none-eabi/4.3.3/../../../../arm-none-eabi/lib/armv6-m\libcr_c.a(__init_alloc.o)
                              c:/nxp/lpcxpresso_3.3/tools/bin/../lib/gcc/arm-none-eabi/4.3.3/../../../../arm-none-eabi/lib/armv6-m\libcr_c.a(__weak__main.o) (_init_alloc)

Allocating common symbols
Common symbol       size              file

__heaps             0x4               c:/nxp/lpcxpresso_3.3/tools/bin/../lib/gcc/arm-none-eabi/4.3.3/../../../../arm-none-eabi/lib/armv6-m\libcr_c.a(__init_alloc.o)
__end_of_heap       0x4               c:/nxp/lpcxpresso_3.3/tools/bin/../lib/gcc/arm-none-eabi/4.3.3/../../../../arm-none-eabi/lib/armv6-m\libcr_c.a(__init_alloc.o)

Memory Configuration

Name             Origin             Length             Attributes
MFlash32         0x00000000         0x00008000         xr
RamLoc8          0x10000000         0x00002000         xrw
*default*        0x00000000         0xffffffff

Linker script and memory map

LOAD ./src/cr_startup_lpc11.o
LOAD ./src/main.o
START GROUP
LOAD c:/nxp/lpcxpresso_3.3/tools/bin/../lib/gcc/arm-none-eabi/4.3.3/../../../../arm-none-eabi/lib/armv6-m\libcr_c.a
LOAD c:/nxp/lpcxpresso_3.3/tools/bin/../lib/gcc/arm-none-eabi/4.3.3/armv6-m\libcr_eabihelpers.a
END GROUP
                0x00008000                __top_MFlash32 = 0x8000
                0x10002000                __top_RamLoc8 = 0x10002000

.text           0x00000000      0x534
 *(.isr_vector)
 .isr_vector    0x00000000       0xc0 ./src/cr_startup_lpc11.o
                0x00000000                g_pfnVectors
 *(.text*)
 .text          0x000000c0        0x0 ./src/cr_startup_lpc11.o
 .text.ResetISR
                0x000000c0       0x60 ./src/cr_startup_lpc11.o
                0x000000c0                ResetISR
 .text.NMI_Handler
                0x00000120        0x8 ./src/cr_startup_lpc11.o
                0x00000120                NMI_Handler
 .text.HardFault_Handler
                0x00000128        0x8 ./src/cr_startup_lpc11.o
                0x00000128                HardFault_Handler
 .text.SVCall_Handler
                0x00000130        0x8 ./src/cr_startup_lpc11.o
                0x00000130                SVCall_Handler
 .text.PendSV_Handler
                0x00000138        0x8 ./src/cr_startup_lpc11.o
                0x00000138                PendSV_Handler
 .text.SysTick_Handler
                0x00000140        0x8 ./src/cr_startup_lpc11.o
                0x00000140                SysTick_Handler
 .text.IntDefaultHandler
                0x00000148        0x8 ./src/cr_startup_lpc11.o
                0x00000148                TIMER16_0_IRQHandler
                0x00000148                UART_IRQHandler
                0x00000148                TIMER32_0_IRQHandler
                0x00000148                TIMER32_1_IRQHandler
                0x00000148                IntDefaultHandler
                0x00000148                PIOINT1_IRQHandler
                0x00000148                SSP_IRQHandler
                0x00000148                TIMER16_1_IRQHandler
                0x00000148                USB_FIQHandler
                0x00000148                ADC_IRQHandler
                0x00000148                PIOINT2_IRQHandler
                0x00000148                USB_IRQHandler
                0x00000148                BOD_IRQHandler
                0x00000148                WAKEUP_IRQHandler
                0x00000148                PIOINT0_IRQHandler
                0x00000148                I2C_IRQHandler
                0x00000148                WDT_IRQHandler
                0x00000148                PIOINT3_IRQHandler
                0x00000148                FMC_IRQHandler
 .text          0x00000150        0x0 ./src/main.o
 .text.main     0x00000150       0x7c ./src/main.o
                0x00000150                main
 .text          0x000001cc        0x0 c:/nxp/lpcxpresso_3.3/tools/bin/../lib/gcc/arm-none-eabi/4.3.3/../../../../arm-none-eabi/lib/armv6-m\libcr_c.a(__weak__main.o)
 .text.__weak_main
                0x000001cc       0x14 c:/nxp/lpcxpresso_3.3/tools/bin/../lib/gcc/arm-none-eabi/4.3.3/../../../../arm-none-eabi/lib/armv6-m\libcr_c.a(__weak__main.o)
                0x000001cc                __main
                0x000001cc                __weak_main
 .text          0x000001e0      0x338 c:/nxp/lpcxpresso_3.3/tools/bin/../lib/gcc/arm-none-eabi/4.3.3/../../../../arm-none-eabi/lib/armv6-m\libcr_c.a(ctype.o)
                0x000001e0                _start_module_ctype
                0x000002b4                islower
                0x000003a4                tolower
                0x00000304                ispunct
                0x0000032c                isspace
                0x0000050c                _end_module_ctype
                0x0000037c                isxdigit
                0x000004a4                _ctype_init
                0x00000354                isupper
                0x00000214                isalpha
                0x0000028c                isgraph
                0x000001ec                isalnum
                0x000002dc                isprint
                0x00000424                _set_ctype_8859
                0x00000264                isdigit
                0x0000023c                iscntrl
                0x000003e4                toupper
 .text          0x00000518        0x0 c:/nxp/lpcxpresso_3.3/tools/bin/../lib/gcc/arm-none-eabi/4.3.3/../../../../arm-none-eabi/lib/armv6-m\libcr_c.a(__init_alloc.o)
 .text._start_module__init_alloc
                0x00000518        0x4 c:/nxp/lpcxpresso_3.3/tools/bin/../lib/gcc/arm-none-eabi/4.3.3/../../../../arm-none-eabi/lib/armv6-m\libcr_c.a(__init_alloc.o)
                0x00000518                _start_module__init_alloc
 .text._init_alloc
                0x0000051c       0x14 c:/nxp/lpcxpresso_3.3/tools/bin/../lib/gcc/arm-none-eabi/4.3.3/../../../../arm-none-eabi/lib/armv6-m\libcr_c.a(__init_alloc.o)
                0x0000051c                _init_alloc
 .text._end_module__init_alloc
                0x00000530        0x4 c:/nxp/lpcxpresso_3.3/tools/bin/../lib/gcc/arm-none-eabi/4.3.3/../../../../arm-none-eabi/lib/armv6-m\libcr_c.a(__init_alloc.o)
                0x00000530                _end_module__init_alloc
 *(.rodata*)

.glue_7         0x00000534        0x0
 .glue_7        0x00000000        0x0 linker stubs

.glue_7t        0x00000534        0x0
 .glue_7t       0x00000000        0x0 linker stubs

.vfp11_veneer   0x00000534        0x0
 .vfp11_veneer  0x00000000        0x0 linker stubs

.v4_bx          0x00000534        0x0
 .v4_bx         0x00000000        0x0 linker stubs

.ARM.extab
 *(.ARM.extab* .gnu.linkonce.armextab.*)
                0x00000534                __exidx_start = .

.ARM.exidx
 *(.ARM.exidx* .gnu.linkonce.armexidx.*)
                0x00000534                __exidx_end = .
                0x00000534                _etext = .

.data           0x10000000      0x204 load address 0x00000534
                0x10000000                _data = .
 *(vtable)
 *(.data*)
 .data          0x10000000        0x0 ./src/cr_startup_lpc11.o
 .data          0x10000000        0x0 ./src/main.o
 .data          0x10000000        0x0 c:/nxp/lpcxpresso_3.3/tools/bin/../lib/gcc/arm-none-eabi/4.3.3/../../../../arm-none-eabi/lib/armv6-m\libcr_c.a(__weak__main.o)
 .data          0x10000000      0x204 c:/nxp/lpcxpresso_3.3/tools/bin/../lib/gcc/arm-none-eabi/4.3.3/../../../../arm-none-eabi/lib/armv6-m\libcr_c.a(ctype.o)
                0x10000000                __ctype
 .data          0x10000204        0x0 c:/nxp/lpcxpresso_3.3/tools/bin/../lib/gcc/arm-none-eabi/4.3.3/../../../../arm-none-eabi/lib/armv6-m\libcr_c.a(__init_alloc.o)
                0x10000204                _edata = .

.bss            0x10000204        0x8 load address 0x00000738
                0x10000204                _bss = .
 *(.bss*)
 .bss           0x10000204        0x0 ./src/cr_startup_lpc11.o
 .bss           0x10000204        0x0 ./src/main.o
 .bss           0x10000204        0x0 c:/nxp/lpcxpresso_3.3/tools/bin/../lib/gcc/arm-none-eabi/4.3.3/../../../../arm-none-eabi/lib/armv6-m\libcr_c.a(__weak__main.o)
 .bss           0x10000204        0x0 c:/nxp/lpcxpresso_3.3/tools/bin/../lib/gcc/arm-none-eabi/4.3.3/../../../../arm-none-eabi/lib/armv6-m\libcr_c.a(ctype.o)
 .bss           0x10000204        0x0 c:/nxp/lpcxpresso_3.3/tools/bin/../lib/gcc/arm-none-eabi/4.3.3/../../../../arm-none-eabi/lib/armv6-m\libcr_c.a(__init_alloc.o)
 *(COMMON)
 COMMON         0x10000204        0x8 c:/nxp/lpcxpresso_3.3/tools/bin/../lib/gcc/arm-none-eabi/4.3.3/../../../../arm-none-eabi/lib/armv6-m\libcr_c.a(__init_alloc.o)
                0x10000204                __heaps
                0x10000208                __end_of_heap
                0x1000020c                _ebss = .

.cr_heap        0x1000020c        0x0
                0x1000020c                end = .
                0x1000020c                _pvHeapStart = .
                0x10002000                _vRamTop = __top_RamLoc8
                0x10001ff0                _vStackTop = (_vRamTop - 0x10)
OUTPUT(02_blinky2.axf elf32-littlearm)

.debug_abbrev   0x00000000      0x1b8
 .debug_abbrev  0x00000000       0xb2 ./src/cr_startup_lpc11.o
 .debug_abbrev  0x000000b2      0x106 ./src/main.o

.debug_info     0x00000000      0x6d7
 .debug_info    0x00000000      0x16f ./src/cr_startup_lpc11.o
 .debug_info    0x0000016f      0x568 ./src/main.o

.debug_line     0x00000000      0x32d
 .debug_line    0x00000000       0xb9 ./src/cr_startup_lpc11.o
 .debug_line    0x000000b9      0x274 ./src/main.o

.debug_macinfo  0x00000000     0x50ec
 .debug_macinfo
                0x00000000      0xc4c ./src/cr_startup_lpc11.o
 .debug_macinfo
                0x00000c4c     0x44a0 ./src/main.o

.debug_frame    0x00000000      0x108
 .debug_frame   0x00000000       0xd8 ./src/cr_startup_lpc11.o
 .debug_frame   0x000000d8       0x30 ./src/main.o

.debug_loc      0x00000000      0x170
 .debug_loc     0x00000000      0x139 ./src/cr_startup_lpc11.o
 .debug_loc     0x00000139       0x37 ./src/main.o

.debug_pubnames
                0x00000000       0xc1
 .debug_pubnames
                0x00000000       0xa6 ./src/cr_startup_lpc11.o
 .debug_pubnames
                0x000000a6       0x1b ./src/main.o

.debug_aranges  0x00000000       0x70
 .debug_aranges
                0x00000000       0x50 ./src/cr_startup_lpc11.o
 .debug_aranges
                0x00000050       0x20 ./src/main.o

.debug_ranges   0x00000000       0x60
 .debug_ranges  0x00000000       0x48 ./src/cr_startup_lpc11.o
 .debug_ranges  0x00000048       0x18 ./src/main.o

.debug_str      0x00000000      0x39f
 .debug_str     0x00000000       0xff ./src/cr_startup_lpc11.o
                                0x111 (size before relaxing)
 .debug_str     0x000000ff      0x2a0 ./src/main.o
                                0x317 (size before relaxing)

.comment        0x00000000       0xd7
 .comment       0x00000000       0x2b ./src/cr_startup_lpc11.o
 .comment       0x0000002b       0x2b ./src/main.o
 .comment       0x00000056       0x2b c:/nxp/lpcxpresso_3.3/tools/bin/../lib/gcc/arm-none-eabi/4.3.3/../../../../arm-none-eabi/lib/armv6-m\libcr_c.a(__weak__main.o)
 .comment       0x00000081       0x2b c:/nxp/lpcxpresso_3.3/tools/bin/../lib/gcc/arm-none-eabi/4.3.3/../../../../arm-none-eabi/lib/armv6-m\libcr_c.a(ctype.o)
 .comment       0x000000ac       0x2b c:/nxp/lpcxpresso_3.3/tools/bin/../lib/gcc/arm-none-eabi/4.3.3/../../../../arm-none-eabi/lib/armv6-m\libcr_c.a(__init_alloc.o)

.ARM.attributes
                0x00000000       0x31
 .ARM.attributes
                0x00000000       0x31 ./src/cr_startup_lpc11.o
 .ARM.attributes
                0x00000031       0x31 ./src/main.o
 .ARM.attributes
                0x00000062       0x30 c:/nxp/lpcxpresso_3.3/tools/bin/../lib/gcc/arm-none-eabi/4.3.3/../../../../arm-none-eabi/lib/armv6-m\libcr_c.a(__weak__main.o)
 .ARM.attributes
                0x00000092       0x30 c:/nxp/lpcxpresso_3.3/tools/bin/../lib/gcc/arm-none-eabi/4.3.3/../../../../arm-none-eabi/lib/armv6-m\libcr_c.a(ctype.o)
 .ARM.attributes
                0x000000c2       0x30 c:/nxp/lpcxpresso_3.3/tools/bin/../lib/gcc/arm-none-eabi/4.3.3/../../../../arm-none-eabi/lib/armv6-m\libcr_c.a(__init_alloc.o)
